---------------|---------|----------|---------|---------|-------------------
File           | % Stmts | % Branch | % Funcs | % Lines | Uncovered Line #s 
---------------|---------|----------|---------|---------|-------------------
All files      |   98.29 |    85.71 |     100 |   97.95 |                   
 schema.js     |     100 |      100 |     100 |     100 |                   
 validators.js |   98.03 |    85.71 |     100 |   97.59 | 29,316            
---------------|---------|----------|---------|---------|-------------------
